
Testing https://vm.tiktok.com/ZNRy23QsE/...
node : Failed with 
Status: 500
En línea: 1 Carácter: 1
+ node 
test-transcription.js > 
test_output.txt 2>&1
+ ~~~~~~~~~~~~~~~~~~~~~~~~
~~~~~~~~~~~~~~~~~~~~~~~~~
    + CategoryInfo        
      : NotSpecified: (F  
  ailed with Status: 50   
 0:String) [], RemoteE    
xception
    + FullyQualifiedError 
   Id : NativeCommandErr  
  or
 
Error Data: {
  "success": false,
  "error": "Cobalt 
download failed: the 
cobalt v7 api has been 
shut down on nov 11th 
2024. see https://github.c
om/imputnet/cobalt/discuss
ions/860 for more 
information."
}

Testing https://www.youtube.com/watch?v=E-LZv1FRplk...
Failed with Status: 500
Error Data: {
  "success": false,
  "error": "Cobalt 
download failed: the 
cobalt v7 api has been 
shut down on nov 11th 
2024. see https://github.c
om/imputnet/cobalt/discuss
ions/860 for more 
information."
}
